Script started on 2024-05-02 20:35:45+05:30 [TERM="xterm-256color" TTY="/dev/pts/3" COLUMNS="85" LINES="30"]
[?2004h]0;venkatarachakonda@TIGER02383: ~[01;32mvenkatarachakonda@TIGER02383[00m:[01;34m~[00m$ [7msudo apt get install git[27msudo apt get install git
[?2004l[sudo] password for venkatarachakonda: 
[1;31mE: [0mInvalid operation get[0m
[?2004h]0;venkatarachakonda@TIGER02383: ~[01;32mvenkatarachakonda@TIGER02383[00m:[01;34m~[00m$ Tsudo apt get install git
[?2004l[1;31mE: [0mInvalid operation get[0m
[?2004h]0;venkatarachakonda@TIGER02383: ~[01;32mvenkatarachakonda@TIGER02383[00m:[01;34m~[00m$ Tsudo apt get install gitT[Ksudo apt get install git[1P[1@-
[?2004lReading package lists... 0%Reading package lists... 100%Reading package lists... Done
Building dependency tree... 0%Building dependency tree... 0%Building dependency tree... 50%Building dependency tree... 50%Building dependency tree... Done
Reading state information... 0% Reading state information... 0%Reading state information... Done
git is already the newest version (1:2.34.1-1ubuntu1.10).
0 upgraded, 0 newly installed, 0 to remove and 0 not upgraded.
[?2004h]0;venkatarachakonda@TIGER02383: ~[01;32mvenkatarachakonda@TIGER02383[00m:[01;34m~[00m$ git
[?2004lusage: git [--version] [--help] [-C <path>] [-c <name>=<value>]
           [--exec-path[=<path>]] [--html-path] [--man-path] [--info-path]
           [-p | --paginate | -P | --no-pager] [--no-replace-objects] [--bare]
           [--git-dir=<path>] [--work-tree=<path>] [--namespace=<name>]
           [--super-prefix=<path>] [--config-env=<name>=<envvar>]
           <command> [<args>]

These are common Git commands used in various situations:

start a working area (see also: git help tutorial)
   clone     Clone a repository into a new directory
   init      Create an empty Git repository or reinitialize an existing one

work on the current change (see also: git help everyday)
   add       Add file contents to the index
   mv        Move or rename a file, a directory, or a symlink
   restore   Restore working tree files
   rm        Remove files from the working tree and from the index

examine the history and state (see also: git help revisions)
   bisect    Use binary search to find the commit that introduced a bug
   diff      Show changes between commits, commit and working tree, etc
   grep      Print lines matching a pattern
   log       Show commit logs
   show      Show various types of objects
   status    Show the working tree status

grow, mark and tweak your common history
   branch    List, create, or delete branches
   commit    Record changes to the repository
   merge     Join two or more development histories together
   rebase    Reapply commits on top of another base tip
   reset     Reset current HEAD to the specified state
   switch    Switch branches
   tag       Create, list, delete or verify a tag object signed with GPG

collaborate (see also: git help workflows)
   fetch     Download objects and refs from another repository
   pull      Fetch from and integrate with another repository or a local branch
   push      Update remote refs along with associated objects

'git help -a' and 'git help -g' list available subcommands and some
concept guides. See 'git help <command>' or 'git help <concept>'
to read about a specific subcommand or concept.
See 'git help git' for an overview of the system.
[?2004h]0;venkatarachakonda@TIGER02383: ~[01;32mvenkatarachakonda@TIGER02383[00m:[01;34m~[00m$ ssh-keygen -t ed25519 -C ""v"e"n"k"a"t"a"."r"a"c"h"a"k"o"n"a"[1P"d"a"@"t"i"g"e"r"a"n" [A]0;venkatarachakonda@TIGER02383: ~[01;32mvenkatarachakonda@TIGER02383[00m:[01;34m~[00m$ [C[C[C[C[C[C[C[C[C[C[C[C[C[C[C[C[C[C[C[C[C[C[C[C[C[C[C[C[C[C[C[C[C[C[C[C[C[C[C[C[C[C[C[C[C[C[C[C[C[C[C[Ca"l"y"t"i"c"s"."c"o"m"
[?2004lGenerating public/private ed25519 key pair.
Enter file in which to save the key (/home/venkatarachakonda/.ssh/id_ed25519): 
Created directory '/home/venkatarachakonda/.ssh'.
Enter passphrase (empty for no passphrase): 
Enter same passphrase again: 
Your identification has been saved in /home/venkatarachakonda/.ssh/id_ed25519
Your public key has been saved in /home/venkatarachakonda/.ssh/id_ed25519.pub
The key fingerprint is:
SHA256:bKTA9b0a+jWODzfwtOB6EgdXSyRtHTEl6V1w6zZ8PkM venkata.rachakonda@tigeranalytics.com
The key's randomart image is:
+--[ED25519 256]--+
|      . .o..==o..|
|   . . . o= oo .o|
|    o   o+.o . o |
|     ..+. ... +  |
|      .oS o    E.|
|      .+.B .  o.o|
|      .o+ B    o.|
|      .o.* o    o|
|      .oo.o      |
+----[SHA256]-----+
[?2004h]0;venkatarachakonda@TIGER02383: ~[01;32mvenkatarachakonda@TIGER02383[00m:[01;34m~[00m$ [7mclip < ~/.ssh/id_ed25519.pub[27mclip < ~/.ssh/id_ed25519.pub
[?2004lCommand 'clip' not found, but can be installed with:
sudo apt install geomview
[?2004h]0;venkatarachakonda@TIGER02383: ~[01;32mvenkatarachakonda@TIGER02383[00m:[01;34m~[00m$ [7msudo apt install geomview[27msudo apt install geomview
[?2004lReading package lists... 0%Reading package lists... 100%Reading package lists... Done
Building dependency tree... 0%Building dependency tree... 0%Building dependency tree... 50%Building dependency tree... 50%Building dependency tree... Done
Reading state information... 0% Reading state information... 0%Reading state information... Done
[1;31mE: [0mUnable to locate package geomview[0m
[?2004h]0;venkatarachakonda@TIGER02383: ~[01;32mvenkatarachakonda@TIGER02383[00m:[01;34m~[00m$ sudo apt install geomview[1@-[1@g[1@e[1@t
[?2004lReading package lists... 0%Reading package lists... 100%Reading package lists... Done
Building dependency tree... 0%Building dependency tree... 0%Building dependency tree... 50%Building dependency tree... 50%Building dependency tree... Done
Reading state information... 0% Reading state information... 0%Reading state information... Done
E: Unable to locate package geomview
[?2004h]0;venkatarachakonda@TIGER02383: ~[01;32mvenkatarachakonda@TIGER02383[00m:[01;34m~[00m$ [7mcat ~/.ssh/id_ed25519.pub[27mcat ~/.ssh/id_ed25519.pub
[?2004lssh-ed25519 AAAAC3NzaC1lZDI1NTE5AAAAIHQrbeRiWLlhrOGqhkCa4vgxVlLqHAtjeDArpR62zAFI venkata.rachakonda@tigeranalytics.com
[?2004h]0;venkatarachakonda@TIGER02383: ~[01;32mvenkatarachakonda@TIGER02383[00m:[01;34m~[00m$ D[Kgit clone [7mgit@github.com:venkatarachakon/github.git[27mgit@github.com:venkatarachakon/github.git
[?2004lCloning into 'github'...
The authenticity of host 'github.com (20.207.73.82)' can't be established.
ED25519 key fingerprint is SHA256:+DiY3wvvV6TuJJhbpZisF/zLDA0zPMSvHdkr4UvCOqU.
This key is not known by any other names
Are you sure you want to continue connecting (yes/no/[fingerprint])? yes
Warning: Permanently added 'github.com' (ED25519) to the list of known hosts.
remote: Enumerating objects: 3, done.[K
remote: Counting objects:  33% (1/3)[Kremote: Counting objects:  66% (2/3)[Kremote: Counting objects: 100% (3/3)[Kremote: Counting objects: 100% (3/3), done.[K
remote: Total 3 (delta 0), reused 0 (delta 0), pack-reused 0[K
Receiving objects:  33% (1/3)Receiving objects:  66% (2/3)Receiving objects: 100% (3/3)Receiving objects: 100% (3/3), done.
[?2004h]0;venkatarachakonda@TIGER02383: ~[01;32mvenkatarachakonda@TIGER02383[00m:[01;34m~[00m$ git log
[?2004lfatal: not a git repository (or any of the parent directories): .git
[?2004h]0;venkatarachakonda@TIGER02383: ~[01;32mvenkatarachakonda@TIGER02383[00m:[01;34m~[00m$ cd 
.conda/            .ssh/              github/            shell-lesson-data/
.local/            .vscode-server/    miniconda3/        
]0;venkatarachakonda@TIGER02383: ~[01;32mvenkatarachakonda@TIGER02383[00m:[01;34m~[00m$ cd github/
[?2004l[?2004h]0;venkatarachakonda@TIGER02383: ~/github[01;32mvenkatarachakonda@TIGER02383[00m:[01;34m~/github[00m$ cd github/[3Pgit log
[?2004l[?1h=[33mcommit cf8cc1558f31c3059b44438c8318bcbbc56b71b0[m[33m ([m[1;36mHEAD -> [m[1;32mmain[m[33m, [m[1;31morigin/main[m[33m, [m[1;31morigin/HE[m [33m[m[33m[m[1;36m[m[1;32m[m[33m[m[1;31m[m[33m[m[1;31mAD[m[33m)[m[m
Author: venkatarachakon <163237973+venkatarachakon@users.noreply.github.com>[m
Date:   Thu May 2 20:43:58 2024 +0530[m
[m
    Initial commit[m
[K[?1l>[?2004h]0;venkatarachakonda@TIGER02383: ~/github[01;32mvenkatarachakonda@TIGER02383[00m:[01;34m~/github[00m$ [7mgit log -p -2[27mgit log -p -2
[?2004l[?1h=[33mcommit cf8cc1558f31c3059b44438c8318bcbbc56b71b0[m[33m ([m[1;36mHEAD -> [m[1;32mmain[m[33m, [m[1;31morigin/main[m[33m, [m[1;31morigin/HE[m [33m[m[33m[m[1;36m[m[1;32m[m[33m[m[1;31m[m[33m[m[1;31mAD[m[33m)[m[m
Author: venkatarachakon <163237973+venkatarachakon@users.noreply.github.com>[m
Date:   Thu May 2 20:43:58 2024 +0530[m
[m
    Initial commit[m
[m
[1mdiff --git a/README.md b/README.md[m[m
[1mnew file mode 100644[m[m
[1mindex 0000000..feaa538[m[m
[1m--- /dev/null[m[m
[1m+++ b/README.md[m[m
[36m@@ -0,0 +1 @@[m[m
[32m+[m[32m# github[m[m
\ No newline at end of file[m[m
[K[?1l>[?2004h]0;venkatarachakonda@TIGER02383: ~/github[01;32mvenkatarachakonda@TIGER02383[00m:[01;34m~/github[00m$ [K]0;venkatarachakonda@TIGER02383: ~/github[01;32mvenkatarachakonda@TIGER02383[00m:[01;34m~/github[00m$ [7m git commit --[27m[7ma[27m[7mmend[27m[A]0;venkatarachakonda@TIGER02383: ~/github[01;32mvenkatarachakonda@TIGER02383[00m:[01;34m~/github[00m$  git commit --amend'[7m git commit --amend[27m[A]0;venkatarachakonda@TIGER02383: ~/github[01;32mvenkatarachakonda@TIGER02383[00m:[01;34m~/github[00m$ [1Pgit log -p -2
[K[A[C[C[C[C[C[C[C[C[C[C[C[C[C[C[C[C[C[C[C[C[C[C[C[C[C[C[C[C[C[C[C[C[C[C[C[C[C[C[C[C[C[C[C[C[C[C[C[C[C[C[C[C[K[K[K[K[K[K[K[K[K[K[K[K[K[7m git commit --[27m[7ma[27m[7mmend[27m[A]0;venkatarachakonda@TIGER02383: ~/github[01;32mvenkatarachakonda@TIGER02383[00m:[01;34m~/github[00m$  git commit --amend
[?2004lCommitter identity unknown

*** Please tell me who you are.

Run

  git config --global user.email "you@example.com"
  git config --global user.name "Your Name"

to set your account's default identity.
Omit --global to set the identity only in this repository.

fatal: empty ident name (for <venkatarachakonda@TIGER02383.tigeranalytics.local>) not allowed
[?2004h]0;venkatarachakonda@TIGER02383: ~/github[01;32mvenkatarachakonda@TIGER02383[00m:[01;34m~/github[00m$ [7m git config --[27m[7mg[27m[7mlobal user.email[27m[A]0;venkatarachakonda@TIGER02383: ~/github[01;32mvenkatarachakonda@TIGER02383[00m:[01;34m~/github[00m$  git config --global user.email ""v"e"n"k"a"t"a"."r"a"c"h"a"k"o"n"@"t"i"g"e"r"a"n"a"l"y"t"i"c"s"."c" [A[C[C[C[C[C[C[C[C[C[C[C[C[C[C[C[C[C[C[C[C[C[C[C[C[C[C[C[C[C[C[C[C[C[C[C[C[C[C[C[C[C[C[C[C[C[C[C[C[C[C[Co"m"
[?2004l[?2004h]0;venkatarachakonda@TIGER02383: ~/github[01;32mvenkatarachakonda@TIGER02383[00m:[01;34m~/github[00m$ [7mgit config --g[27m[7ml[27m[7mobal user.name[27m[A]0;venkatarachakonda@TIGER02383: ~/github[01;32mvenkatarachakonda@TIGER02383[00m:[01;34m~/github[00m$ git config --global user.name ""v"e"n"k"a"t"a"."r"a"c"a"h"[1P"[1P"h"a"k"o"n"
[?2004l[?2004h]0;venkatarachakonda@TIGER02383: ~/github[01;32mvenkatarachakonda@TIGER02383[00m:[01;34m~/github[00m$ git commit -m  ''n'e'w' 'c'h'a'n'g'e's'
[?2004lOn branch main
Your branch is up to date with 'origin/main'.

Changes not staged for commit:
  (use "git add <file>..." to update what will be committed)
  (use "git restore <file>..." to discard changes in working directory)
	[31mmodified:   README.md[m

no changes added to commit (use "git add" and/or "git commit -a")
[?2004h]0;venkatarachakonda@TIGER02383: ~/github[01;32mvenkatarachakonda@TIGER02383[00m:[01;34m~/github[00m$ git add .
[?2004l[?2004h]0;venkatarachakonda@TIGER02383: ~/github[01;32mvenkatarachakonda@TIGER02383[00m:[01;34m~/github[00m$ git add .commit -m 'new changes'
[?2004l[main 1668fed] new changes
 1 file changed, 1 insertion(+), 1 deletion(-)
[?2004h]0;venkatarachakonda@TIGER02383: ~/github[01;32mvenkatarachakonda@TIGER02383[00m:[01;34m~/github[00m$ git commit -m 'new changes'[A]0;venkatarachakonda@TIGER02383: ~/github[01;32mvenkatarachakonda@TIGER02383[00m:[01;34m~/github[00m$ [C[C[C[C[5Padd .
[K[A[C[C[C[C[C[C[C[C[C[C[C[C[C[C[C[C[C[C[C[C[C[C[C[C[C[C[C[C[C[C[C[C[C[C[C[C[C[C[C[C[C[C[C[C[C[C[C[Ccommit -m 'new changes'[A]0;venkatarachakonda@TIGER02383: ~/github[01;32mvenkatarachakonda@TIGER02383[00m:[01;34m~/github[00m$ [C[C[C[C[C[Cnfig --global user.name "venkata.rachakon"[A]0;venkatarachakonda@TIGER02383: ~/github[01;32mvenkatarachakonda@TIGER02383[00m:[01;34m~/github[00m$ [C[C[C[C[1Plog -p -2
[K[A[C[C[C[C[C[C[C[C[C[C[C[C[C[C[C[C[C[C[C[C[C[C[C[C[C[C[C[C[C[C[C[C[C[C[C[C[C[C[C[C[C[C[C[C[C[C[C[C[C[C[C[C[Kcd github/[3Pgit log -p -2config --global user.name "venkata.rachakon"[A]0;venkatarachakonda@TIGER02383: ~/github[01;32mvenkatarachakonda@TIGER02383[00m:[01;34m~/github[00m$ [C[C[C[C[C[Cmmit -m '[21Pnew changes'[A]0;venkatarachakonda@TIGER02383: ~/github[01;32mvenkatarachakonda@TIGER02383[00m:[01;34m~/github[00m$ [C[C[C[C[5Padd .
[K[A[C[C[C[C[C[C[C[C[C[C[C[C[C[C[C[C[C[C[C[C[C[C[C[C[C[C[C[C[C[C[C[C[C[C[C[C[C[C[C[C[C[C[C[C[C[C[C[Ccommit -m 'new changes'[A]0;venkatarachakonda@TIGER02383: ~/github[01;32mvenkatarachakonda@TIGER02383[00m:[01;34m~/github[00m$ [K
[K[A[C[C[C[C[C[C[C[C[C[C[C[C[C[C[C[C[C[C[C[C[C[C[C[C[C[C[C[C[C[C[C[C[C[C[C[C[C[C[Cgit commit --a mend
[?2004lhint: Waiting for your editor to close the file... [?2004h[?1049h[22;0;0t[1;30r(B[m[4l[?7h[39;49m[?1h=[?1h=[?25l[39;49m(B[m[H[2J[28;20H(B[0;7m[ Reading... ](B[m[28;19H(B[0;7m[ Read 14 lines ](B[m[H(B[0;7m...nkatarachakonda/github/.git/COMMIT_EDITMSG        [1;53H(B[m[29d(B[0;7m^G(B[m Help[14G(B[0;7m^O(B[m Write Out (B[0;7m^W(B[m Where Is  (B[0;7m^K(B[m Cut[30d(B[0;7m^X(B[m Exit[14G(B[0;7m^R(B[m Read File (B[0;7m^\(B[m Replace   (B[0;7m^U(B[m Paste[2dnew changes[4d[36m# Please enter the commit message for your changes. [39m(B[0;7m>[5;1H(B[0m[36m# with '#' will be ignored, and an empty message abo[39m(B[0;7m>[6;1H(B[0m[36m#[7d# Date:      Thu May 2 21:15:19 2024 +0530[8d#[9d# On branch main[10d# Your branch is ahead of 'origin/main' by 1 commit.[11d#   (use "git push" to publish your local commits)[12d#[13d# Changes to be committed:[14d#[38;5;208m       [36mmodified:   README.md[15d#[2d[39m(B[m[?12l[?25h[?25l[28d(B[0;7mline  1/15 ( 6%), col  1/12 (  8%), char   0/371 ( 0%[29;1H(B[m[?12l[?25h[2d[?25l[29d[?12l[?25h[2d[?25l[29d[?12l[?25h[2d[?25l[29d[?12l[?25h[2d[?25l[29d[?12l[?25h[2d[?25l[29d[?12l[?25h[2d[?25l[29d[?12l[?25h[2d[?25l[29d[?12l[?25h[2d[?25l[28d[J[30d[?12l[?25h[30;1H[?1049l[23;0;0t[?1l>[?2004l[K[main 947e577] new changes
 Date: Thu May 2 21:15:19 2024 +0530
 1 file changed, 1 insertion(+), 1 deletion(-)
[?2004h]0;venkatarachakonda@TIGER02383: ~/github[01;32mvenkatarachakonda@TIGER02383[00m:[01;34m~/github[00m$ git status
[?2004lOn branch main
Your branch is ahead of 'origin/main' by 1 commit.
  (use "git push" to publish your local commits)

nothing to commit, working tree clean
[?2004h]0;venkatarachakonda@TIGER02383: ~/github[01;32mvenkatarachakonda@TIGER02383[00m:[01;34m~/github[00m$ git log
[?2004l[?1h=[33mcommit 947e5770e9eecd49fc1c8c01861e86fbf3e0a792[m[33m ([m[1;36mHEAD[m [33m[m[33m[m[1;36m -> [m[1;32mmain[m[33m)[m[m
Author: venkata.rachakon <venkata.rachakon@tigeranaly[m tics.com>[m
Date:   Thu May 2 21:15:19 2024 +0530[m
[m
    new changes[m
[m
[33mcommit cf8cc1558f31c3059b44438c8318bcbbc56b71b0[m[33m ([m[1;31morig[m [33m[m[33m[m[1;31min/main[m[33m, [m[1;31morigin/HEAD[m[33m)[m[m
Author: venkatarachakon <163237973+venkatarachakon@us[m ers.noreply.github.com>[m
Date:   Thu May 2 20:43:58 2024 +0530[m
[m
    Initial commit[m
[K[?1l>[?2004h]0;venkatarachakonda@TIGER02383: ~/github[01;32mvenkatarachakonda@TIGER02383[00m:[01;34m~/github[00m$ git push
[?2004lEnumerating objects: 5, done.
Counting objects:  20% (1/5)Counting objects:  40% (2/5)Counting objects:  60% (3/5)Counting objects:  80% (4/5)Counting objects: 100% (5/5)Counting objects: 100% (5/5), done.
Writing objects:  33% (1/3)Writing objects:  66% (2/3)Writing objects: 100% (3/3)Writing objects: 100% (3/3), 261 bytes | 261.00 KiB/s, done.
Total 3 (delta 0), reused 0 (delta 0), pack-reused 0
To github.com:venkatarachakon/github.git
   cf8cc15..947e577  main -> main
[?2004h]0;venkatarachakonda@TIGER02383: ~/github[01;32mvenkatarachakonda@TIGER02383[00m:[01;34m~/github[00m$ git add[K[K[K[K[K[K[K[7mgit tag -l "v1[27m[7m.[27m[7m8.5*"[27m[A]0;venkatarachakonda@TIGER02383: ~/github[01;32mvenkatarachakonda@TIGER02383[00m:[01;34m~/github[00m$ [6Pgit push
[K[A[C[C[C[C[C[C[C[C[C[C[C[C[C[C[C[C[C[C[C[C[C[C[C[C[C[C[C[C[C[C[C[C[C[C[C[C[C[C[C[C[C[C[C[C[C[C[C[K[K[K[K[K[K[K[K[7mgit tag -l "v1[27m[7m.[27m[7m8.5*"[27m[A]0;venkatarachakonda@TIGER02383: ~/github[01;32mvenkatarachakonda@TIGER02383[00m:[01;34m~/github[00m$ git tag -l "v1.8.5*"[C[1P*"[1P*"[1P*"[1P*"[A[C[C[C[C[C[C[C[C[C[C[C[C[C[C[C[C[C[C[C[C[C[C[C[C[C[C[C[C[C[C[C[C[C[C[C[C[C[C[C[C[C[C[C[C[C[C[C[C[C[C[C[C*"[K[A]0;venkatarachakonda@TIGER02383: ~/github[01;32mvenkatarachakonda@TIGER02383[00m:[01;34m~/github[00m$ [C[C[C[C[C[C[C[C[C[C[C[C[C1*".*"0*"
[?2004l[?1h=[K[?1l>[?2004h]0;venkatarachakonda@TIGER02383: ~/github[01;32mvenkatarachakonda@TIGER02383[00m:[01;34m~/github[00m$ git tag
[?2004l[?1h=[K[?1l>[?2004h]0;venkatarachakonda@TIGER02383: ~/github[01;32mvenkatarachakonda@TIGER02383[00m:[01;34m~/github[00m$ [7mgit checkout -[27m[7mb[27m[7m version2 v2.0.0[27m[A]0;venkatarachakonda@TIGER02383: ~/github[01;32mvenkatarachakonda@TIGER02383[00m:[01;34m~/github[00m$ git checkout -b version2 v2.0.0
[?2004lfatal: 'v2.0.0' is not a commit and a branch 'version2' cannot be created from it
[?2004h]0;venkatarachakonda@TIGER02383: ~/github[01;32mvenkatarachakonda@TIGER02383[00m:[01;34m~/github[00m$ [7mgit checkout v[27m[7m2[27m[7m.0.0[27m[A]0;venkatarachakonda@TIGER02383: ~/github[01;32mvenkatarachakonda@TIGER02383[00m:[01;34m~/github[00m$ git checkout v2.0.0
[?2004lerror: pathspec 'v2.0.0' did not match any file(s) known to git
[?2004h]0;venkatarachakonda@TIGER02383: ~/github[01;32mvenkatarachakonda@TIGER02383[00m:[01;34m~/github[00m$ [7mgit checkout -[27m[7mb[27m[7m version2[27m[A]0;venkatarachakonda@TIGER02383: ~/github[01;32mvenkatarachakonda@TIGER02383[00m:[01;34m~/github[00m$ git checkout -b version2
[?2004lSwitched to a new branch 'version2'
[?2004h]0;venkatarachakonda@TIGER02383: ~/github[01;32mvenkatarachakonda@TIGER02383[00m:[01;34m~/github[00m$ git push
[?2004lfatal: The current branch version2 has no upstream branch.
To push the current branch and set the remote as upstream, use

    git push --set-upstream origin version2

[?2004h]0;venkatarachakonda@TIGER02383: ~/github[01;32mvenkatarachakonda@TIGER02383[00m:[01;34m~/github[00m$ [7m    git push -[27m[7m-[27m[7mset-upstream origin version2[27m[A]0;venkatarachakonda@TIGER02383: ~/github[01;32mvenkatarachakonda@TIGER02383[00m:[01;34m~/github[00m$     git push --set-upstream origin version2
[?2004lTotal 0 (delta 0), reused 0 (delta 0), pack-reused 0
remote: 
remote: Create a pull request for 'version2' on GitHub by visiting:[K
remote:      https://github.com/venkatarachakon/github/pull/new/version2[K
remote: 
To github.com:venkatarachakon/github.git
 * [new branch]      version2 -> version2
Branch 'version2' set up to track remote branch 'version2' from 'origin'.
[?2004h]0;venkatarachakonda@TIGER02383: ~/github[01;32mvenkatarachakonda@TIGER02383[00m:[01;34m~/github[00m$ git push
[?2004lEverything up-to-date
[?2004h]0;venkatarachakonda@TIGER02383: ~/github[01;32mvenkatarachakonda@TIGER02383[00m:[01;34m~/github[00m$ exit
[?2004lexit

Script done on 2024-05-02 21:24:07+05:30 [COMMAND_EXIT_CODE="0"]
